// Jest Snapshot v1, https://goo.gl/fbAQLP

exports[`Pruebas en <Navbar /> Debe de cargar correctamente 1`] = `
<nav
  className="navbar navbar-expand-md navbar-dark bg-dark"
>
  <div
    className="container-fluid"
  >
    <a
      className="navbar-brand"
      onClick={[Function]}
    >
      Asociaciones
    </a>
    <button
      aria-controls="navbarSupportedContent"
      aria-expanded="false"
      aria-label="Toggle navigation"
      className="navbar-toggler"
      data-bs-target="#navbarSupportedContent"
      data-bs-toggle="collapse"
      type="button"
    >
      <span
        className="navbar-toggler-icon"
      />
    </button>
    <div
      className="collapse navbar-collapse"
      id="navbarSupportedContent"
    >
      <ul
        className="navbar-nav me-auto mb-2 mb-lg-0 w-100"
      >
        <li
          className="nav-item"
        >
          <a
            aria-current={null}
            className="nav-link"
            onClick={[Function]}
          >
            Marvel
          </a>
        </li>
        <li
          className="nav-item"
        >
          <a
            aria-current={null}
            className="nav-link"
            onClick={[Function]}
          >
            DC
          </a>
        </li>
        <li
          className="nav-item"
        >
          <a
            aria-current={null}
            className="nav-link"
            onClick={[Function]}
          >
            Search
          </a>
        </li>
        <li
          className="nav-item ms-md-auto d-flex"
        >
          <span
            className="nav-link text-info"
          >
            Ariz
          </span>
          <button
            className="nav-link btn"
            onClick={[Function]}
          >
            Logout
          </button>
        </li>
      </ul>
    </div>
  </div>
</nav>
`;
