// Jest Snapshot v1, https://goo.gl/fbAQLP

exports[`Pruebas en <HerosList /> Debe de cargar correctamente 1`] = `
<div
  className="card-group"
>
  <div
    className="row row-cols-1 row-cols-md-3 row-cols-lg-5 g-4"
  >
    <div
      className=" animate__animated animate__fadeIn"
      key="marvel-spider"
    >
      <HeroCard
        alter_ego="Peter Parker"
        characters="Peter Parker"
        first_appearance="Amazing Fantasy #15"
        id="marvel-spider"
        publisher="Marvel Comics"
        superhero="Spider Man"
      />
    </div>
    <div
      className=" animate__animated animate__fadeIn"
      key="marvel-captain"
    >
      <HeroCard
        alter_ego="Steve Rogers"
        characters="Steve Rogers"
        first_appearance="Captain America Comics #1"
        id="marvel-captain"
        publisher="Marvel Comics"
        superhero="Captain America"
      />
    </div>
    <div
      className=" animate__animated animate__fadeIn"
      key="marvel-iron"
    >
      <HeroCard
        alter_ego="Tony Stark"
        characters="Tony Stark"
        first_appearance="Tales of Suspense #39"
        id="marvel-iron"
        publisher="Marvel Comics"
        superhero="Iron Man"
      />
    </div>
    <div
      className=" animate__animated animate__fadeIn"
      key="marvel-thor"
    >
      <HeroCard
        alter_ego="Thor Odinson"
        characters="Thor Odinson"
        first_appearance="Journey into Myster #83"
        id="marvel-thor"
        publisher="Marvel Comics"
        superhero="Thor"
      />
    </div>
    <div
      className=" animate__animated animate__fadeIn"
      key="marvel-hulk"
    >
      <HeroCard
        alter_ego="Bruce Banner"
        characters="Bruce Banner"
        first_appearance="The Incredible Hulk #1"
        id="marvel-hulk"
        publisher="Marvel Comics"
        superhero="Hulk"
      />
    </div>
    <div
      className=" animate__animated animate__fadeIn"
      key="marvel-wolverine"
    >
      <HeroCard
        alter_ego="James Howlett"
        characters="James Howlett"
        first_appearance="The Incredible Hulk #180"
        id="marvel-wolverine"
        publisher="Marvel Comics"
        superhero="Wolverine"
      />
    </div>
    <div
      className=" animate__animated animate__fadeIn"
      key="marvel-daredevil"
    >
      <HeroCard
        alter_ego="Matthew Michael Murdock"
        characters="Matthew Michael Murdock"
        first_appearance="Daredevil #1"
        id="marvel-daredevil"
        publisher="Marvel Comics"
        superhero="Daredevil"
      />
    </div>
    <div
      className=" animate__animated animate__fadeIn"
      key="marvel-hawkeye"
    >
      <HeroCard
        alter_ego="Clinton Francis Barton"
        characters="Clinton Francis Barton"
        first_appearance="Tales of Suspense #57"
        id="marvel-hawkeye"
        publisher="Marvel Comics"
        superhero="Hawkeye"
      />
    </div>
    <div
      className=" animate__animated animate__fadeIn"
      key="marvel-cyclops"
    >
      <HeroCard
        alter_ego="Scott Summers"
        characters="Scott Summers"
        first_appearance="X-Men #1"
        id="marvel-cyclops"
        publisher="Marvel Comics"
        superhero="Cyclops"
      />
    </div>
    <div
      className=" animate__animated animate__fadeIn"
      key="marvel-silver"
    >
      <HeroCard
        alter_ego="Norrin Radd"
        characters="Norrin Radd"
        first_appearance="The Fantastic Four #48"
        id="marvel-silver"
        publisher="Marvel Comics"
        superhero="Silver Surfer"
      />
    </div>
  </div>
</div>
`;
