// Jest Snapshot v1, https://goo.gl/fbAQLP

exports[`Pruebas al <DasboardRoutes /> Debe de cargar todos los componentes correctamente 1`] = `
Array [
  <nav
    className="navbar navbar-expand-md navbar-dark bg-dark"
  >
    <div
      className="container-fluid"
    >
      <a
        className="navbar-brand"
        href="/"
        onClick={[Function]}
      >
        Asociaciones
      </a>
      <button
        aria-controls="navbarSupportedContent"
        aria-expanded="false"
        aria-label="Toggle navigation"
        className="navbar-toggler"
        data-bs-target="#navbarSupportedContent"
        data-bs-toggle="collapse"
        type="button"
      >
        <span
          className="navbar-toggler-icon"
        />
      </button>
      <div
        className="collapse navbar-collapse"
        id="navbarSupportedContent"
      >
        <ul
          className="navbar-nav me-auto mb-2 mb-lg-0 w-100"
        >
          <li
            className="nav-item"
          >
            <a
              aria-current="page"
              className="nav-link active"
              href="/marvel"
              onClick={[Function]}
              style={Object {}}
            >
              Marvel
            </a>
          </li>
          <li
            className="nav-item"
          >
            <a
              aria-current={null}
              className="nav-link"
              href="/dc"
              onClick={[Function]}
            >
              DC
            </a>
          </li>
          <li
            className="nav-item"
          >
            <a
              aria-current={null}
              className="nav-link"
              href="/search"
              onClick={[Function]}
            >
              Search
            </a>
          </li>
          <li
            className="nav-item ms-md-auto d-flex"
          >
            <span
              className="nav-link text-info"
            >
              Ariz
            </span>
            <button
              className="nav-link btn"
              onClick={[Function]}
            >
              Logout
            </button>
          </li>
        </ul>
      </div>
    </div>
  </nav>,
  <div>
    <div
      className="container mt-3"
    >
      <h1
        className="text-center"
      >
        Marve Screen
      </h1>
      <hr
        className="mt-0 mb-4"
      />
      <div
        className="card-group"
      >
        <div
          className="row row-cols-1 row-cols-md-3 row-cols-lg-5 g-4"
        >
          <div
            className=" animate__animated animate__fadeIn"
            key="marvel-spider"
          >
            <div
              className="card text-center"
            >
              <img
                alt="..."
                className="card-img-top"
                src=""
              />
              <div
                className="card-body"
              >
                <h5
                  className="card-title"
                >
                  Spider Man
                </h5>
                <p
                  className="card-text"
                >
                  Peter Parker
                </p>
                <p
                  className="card-text text-end mb-2"
                >
                  <small
                    className="text-muted"
                  >
                    Amazing Fantasy #15
                  </small>
                </p>
                <a
                  className="btn btn-dark btn-block"
                  href="/hero/marvel-spider"
                  onClick={[Function]}
                >
                  Mas...
                </a>
              </div>
            </div>
          </div>
          <div
            className=" animate__animated animate__fadeIn"
            key="marvel-captain"
          >
            <div
              className="card text-center"
            >
              <img
                alt="..."
                className="card-img-top"
                src=""
              />
              <div
                className="card-body"
              >
                <h5
                  className="card-title"
                >
                  Captain America
                </h5>
                <p
                  className="card-text"
                >
                  Steve Rogers
                </p>
                <p
                  className="card-text text-end mb-2"
                >
                  <small
                    className="text-muted"
                  >
                    Captain America Comics #1
                  </small>
                </p>
                <a
                  className="btn btn-dark btn-block"
                  href="/hero/marvel-captain"
                  onClick={[Function]}
                >
                  Mas...
                </a>
              </div>
            </div>
          </div>
          <div
            className=" animate__animated animate__fadeIn"
            key="marvel-iron"
          >
            <div
              className="card text-center"
            >
              <img
                alt="..."
                className="card-img-top"
                src=""
              />
              <div
                className="card-body"
              >
                <h5
                  className="card-title"
                >
                  Iron Man
                </h5>
                <p
                  className="card-text"
                >
                  Tony Stark
                </p>
                <p
                  className="card-text text-end mb-2"
                >
                  <small
                    className="text-muted"
                  >
                    Tales of Suspense #39
                  </small>
                </p>
                <a
                  className="btn btn-dark btn-block"
                  href="/hero/marvel-iron"
                  onClick={[Function]}
                >
                  Mas...
                </a>
              </div>
            </div>
          </div>
          <div
            className=" animate__animated animate__fadeIn"
            key="marvel-thor"
          >
            <div
              className="card text-center"
            >
              <img
                alt="..."
                className="card-img-top"
                src=""
              />
              <div
                className="card-body"
              >
                <h5
                  className="card-title"
                >
                  Thor
                </h5>
                <p
                  className="card-text"
                >
                  Thor Odinson
                </p>
                <p
                  className="card-text text-end mb-2"
                >
                  <small
                    className="text-muted"
                  >
                    Journey into Myster #83
                  </small>
                </p>
                <a
                  className="btn btn-dark btn-block"
                  href="/hero/marvel-thor"
                  onClick={[Function]}
                >
                  Mas...
                </a>
              </div>
            </div>
          </div>
          <div
            className=" animate__animated animate__fadeIn"
            key="marvel-hulk"
          >
            <div
              className="card text-center"
            >
              <img
                alt="..."
                className="card-img-top"
                src=""
              />
              <div
                className="card-body"
              >
                <h5
                  className="card-title"
                >
                  Hulk
                </h5>
                <p
                  className="card-text"
                >
                  Bruce Banner
                </p>
                <p
                  className="card-text text-end mb-2"
                >
                  <small
                    className="text-muted"
                  >
                    The Incredible Hulk #1
                  </small>
                </p>
                <a
                  className="btn btn-dark btn-block"
                  href="/hero/marvel-hulk"
                  onClick={[Function]}
                >
                  Mas...
                </a>
              </div>
            </div>
          </div>
          <div
            className=" animate__animated animate__fadeIn"
            key="marvel-wolverine"
          >
            <div
              className="card text-center"
            >
              <img
                alt="..."
                className="card-img-top"
                src=""
              />
              <div
                className="card-body"
              >
                <h5
                  className="card-title"
                >
                  Wolverine
                </h5>
                <p
                  className="card-text"
                >
                  James Howlett
                </p>
                <p
                  className="card-text text-end mb-2"
                >
                  <small
                    className="text-muted"
                  >
                    The Incredible Hulk #180
                  </small>
                </p>
                <a
                  className="btn btn-dark btn-block"
                  href="/hero/marvel-wolverine"
                  onClick={[Function]}
                >
                  Mas...
                </a>
              </div>
            </div>
          </div>
          <div
            className=" animate__animated animate__fadeIn"
            key="marvel-daredevil"
          >
            <div
              className="card text-center"
            >
              <img
                alt="..."
                className="card-img-top"
                src=""
              />
              <div
                className="card-body"
              >
                <h5
                  className="card-title"
                >
                  Daredevil
                </h5>
                <p
                  className="card-text"
                >
                  Matthew Michael Murdock
                </p>
                <p
                  className="card-text text-end mb-2"
                >
                  <small
                    className="text-muted"
                  >
                    Daredevil #1
                  </small>
                </p>
                <a
                  className="btn btn-dark btn-block"
                  href="/hero/marvel-daredevil"
                  onClick={[Function]}
                >
                  Mas...
                </a>
              </div>
            </div>
          </div>
          <div
            className=" animate__animated animate__fadeIn"
            key="marvel-hawkeye"
          >
            <div
              className="card text-center"
            >
              <img
                alt="..."
                className="card-img-top"
                src=""
              />
              <div
                className="card-body"
              >
                <h5
                  className="card-title"
                >
                  Hawkeye
                </h5>
                <p
                  className="card-text"
                >
                  Clinton Francis Barton
                </p>
                <p
                  className="card-text text-end mb-2"
                >
                  <small
                    className="text-muted"
                  >
                    Tales of Suspense #57
                  </small>
                </p>
                <a
                  className="btn btn-dark btn-block"
                  href="/hero/marvel-hawkeye"
                  onClick={[Function]}
                >
                  Mas...
                </a>
              </div>
            </div>
          </div>
          <div
            className=" animate__animated animate__fadeIn"
            key="marvel-cyclops"
          >
            <div
              className="card text-center"
            >
              <img
                alt="..."
                className="card-img-top"
                src=""
              />
              <div
                className="card-body"
              >
                <h5
                  className="card-title"
                >
                  Cyclops
                </h5>
                <p
                  className="card-text"
                >
                  Scott Summers
                </p>
                <p
                  className="card-text text-end mb-2"
                >
                  <small
                    className="text-muted"
                  >
                    X-Men #1
                  </small>
                </p>
                <a
                  className="btn btn-dark btn-block"
                  href="/hero/marvel-cyclops"
                  onClick={[Function]}
                >
                  Mas...
                </a>
              </div>
            </div>
          </div>
          <div
            className=" animate__animated animate__fadeIn"
            key="marvel-silver"
          >
            <div
              className="card text-center"
            >
              <img
                alt="..."
                className="card-img-top"
                src=""
              />
              <div
                className="card-body"
              >
                <h5
                  className="card-title"
                >
                  Silver Surfer
                </h5>
                <p
                  className="card-text"
                >
                  Norrin Radd
                </p>
                <p
                  className="card-text text-end mb-2"
                >
                  <small
                    className="text-muted"
                  >
                    The Fantastic Four #48
                  </small>
                </p>
                <a
                  className="btn btn-dark btn-block"
                  href="/hero/marvel-silver"
                  onClick={[Function]}
                >
                  Mas...
                </a>
              </div>
            </div>
          </div>
        </div>
      </div>
    </div>
  </div>,
]
`;
